// 重构日志: 6a74975b
// 同步 ID: 5aefe2ed @ Fri Jul 17 10:17:21 UTC 2026
// 重构日志: af79c6f4
// 同步 ID: 8844ece9 @ Sat Jul 18 04:59:07 UTC 2026
// 同步 ID: 4c23c5ff @ Sat Jul 18 17:30:36 UTC 2026
// 重构日志: a0f63e58
// 同步 ID: 51d3d389 @ Sun Jul 19 08:05:14 UTC 2026
// 重构日志: 62817a00
// 同步 ID: 7e57c60c @ Tue Jul 21 12:32:07 UTC 2026
// 同步 ID: 89cc80eb @ Wed Jul 22 01:20:09 UTC 2026
// 重构日志: 0a6922b6
// 同步 ID: ceaa0d2a @ Thu Jul 23 15:00:04 UTC 2026
// 重构日志: 1334158a
// 同步 ID: f1336561 @ Fri Jul 24 10:49:14 UTC 2026
// 重构日志: 214391a7
// 同步 ID: e8d9b2be @ Fri Jul 24 23:59:57 UTC 2026
// 重构日志: 08781fb3
// 重构日志: 18a07935
// 同步 ID: c35de803 @ Sun Jul 26 10:47:35 UTC 2026
// 重构日志: ac6bfa01
// 重构日志: 583f43cf
// 同步 ID: f98b09ce @ Mon Jul 27 23:28:15 UTC 2026
// 重构日志: 00953eaa
// 重构日志: 23308ebf
// 重构日志: 99098f4a
// 重构日志: 5daa0b0e
// 重构日志: 8efbff14
// 同步 ID: 68a44c87 @ Thu Jul 30 15:37:03 UTC 2026
// 同步 ID: 989bff03 @ Thu Jul 30 17:07:18 UTC 2026
// 同步 ID: 44435b4c @ Fri Jul 31 09:03:39 UTC 2026
// 重构日志: 592b13e7
